[     1s] === arena ar1: detectors built ===
[    13s] lsc_kalman_cusum: thr=15.514 empirical FAR=4.200% (target 5%)
[    25s] lsc_state_cusum: thr=412.716 empirical FAR=8.600% (target 5%)
[    46s] lsc_composite: thr=16.831 empirical FAR=4.200% (target 5%)
[    46s] raw_cusum: thr=279.577 empirical FAR=7.800% (target 5%)
[    96s] arima_cusum: thr=27.091 empirical FAR=4.000% (target 5%)
[   128s] plain_hmm: thr=26.595 empirical FAR=3.600% (target 5%)
[   134s] ar1          abrupt_level_0.5s  lsc_kalman_cusum   detect=0.04 med_delay=98 mean_delay_cens=244.3
[   140s] ar1          abrupt_level_0.5s  lsc_state_cusum    detect=0.09 med_delay=167 mean_delay_cens=242.6
[   150s] ar1          abrupt_level_0.5s  lsc_composite      detect=0.04 med_delay=148 mean_delay_cens=245.6
[   150s] ar1          abrupt_level_0.5s  raw_cusum          detect=0.11 med_delay=186 mean_delay_cens=240.5
[   175s] ar1          abrupt_level_0.5s  arima_cusum        detect=0.03 med_delay=79 mean_delay_cens=245.1
[   190s] ar1          abrupt_level_0.5s  plain_hmm          detect=0.02 med_delay=131 mean_delay_cens=247.4
[   195s] ar1          abrupt_level_1s    lsc_kalman_cusum   detect=0.11 med_delay=116 mean_delay_cens=233.7
[   201s] ar1          abrupt_level_1s    lsc_state_cusum    detect=0.21 med_delay=174 mean_delay_cens=231.9
[   212s] ar1          abrupt_level_1s    lsc_composite      detect=0.10 med_delay=121 mean_delay_cens=236.4
[   212s] ar1          abrupt_level_1s    raw_cusum          detect=0.28 med_delay=168 mean_delay_cens=225.1
[   237s] ar1          abrupt_level_1s    arima_cusum        detect=0.06 med_delay=100 mean_delay_cens=240.4
[   251s] ar1          abrupt_level_1s    plain_hmm          detect=0.03 med_delay=105 mean_delay_cens=245.9
[   256s] ar1          abrupt_level_3s    lsc_kalman_cusum   detect=0.67 med_delay=23 mean_delay_cens=110.4
[   262s] ar1          abrupt_level_3s    lsc_state_cusum    detect=0.96 med_delay=122 mean_delay_cens=132.0
[   273s] ar1          abrupt_level_3s    lsc_composite      detect=0.69 med_delay=35 mean_delay_cens=120.6
[   273s] ar1          abrupt_level_3s    raw_cusum          detect=0.98 med_delay=98 mean_delay_cens=106.4
[   297s] ar1          abrupt_level_3s    arima_cusum        detect=0.13 med_delay=25 mean_delay_cens=221.8
[   313s] ar1          abrupt_level_3s    plain_hmm          detect=0.13 med_delay=25 mean_delay_cens=224.1
[   319s] ar1          ramp_1s_hl25       lsc_kalman_cusum   detect=0.10 med_delay=130 mean_delay_cens=238.5
[   324s] ar1          ramp_1s_hl25       lsc_state_cusum    detect=0.21 med_delay=176 mean_delay_cens=232.4
[   335s] ar1          ramp_1s_hl25       lsc_composite      detect=0.09 med_delay=155 mean_delay_cens=240.2
[   335s] ar1          ramp_1s_hl25       raw_cusum          detect=0.27 med_delay=169 mean_delay_cens=226.1
[   360s] ar1          ramp_1s_hl25       arima_cusum        detect=0.06 med_delay=116 mean_delay_cens=242.5
[   374s] ar1          ramp_1s_hl25       plain_hmm          detect=0.03 med_delay=131 mean_delay_cens=246.2
[   380s] ar1          variance_x3        lsc_kalman_cusum   detect=0.10 med_delay=122 mean_delay_cens=236.4
[   385s] ar1          variance_x3        lsc_state_cusum    detect=0.06 med_delay=179 mean_delay_cens=244.8
[   396s] ar1          variance_x3        lsc_composite      detect=0.98 med_delay=18 mean_delay_cens=19.5
[   396s] ar1          variance_x3        raw_cusum          detect=0.04 med_delay=176 mean_delay_cens=245.9
[   421s] ar1          variance_x3        arima_cusum        detect=0.04 med_delay=85 mean_delay_cens=243.2
[   435s] ar1          variance_x3        plain_hmm          detect=0.12 med_delay=101 mean_delay_cens=231.6
[   436s] === arena local_level: detectors built ===
[   444s] lsc_kalman_cusum: thr=10.077 empirical FAR=5.200% (target 5%)
[   451s] lsc_state_cusum: thr=2545.764 empirical FAR=7.200% (target 5%)
[   468s] lsc_composite: thr=11.487 empirical FAR=6.800% (target 5%)
[   469s] raw_cusum: thr=2090.550 empirical FAR=6.600% (target 5%)
[   523s] arima_cusum: thr=11.698 empirical FAR=5.200% (target 5%)
[   549s] plain_hmm: thr=27.631 empirical FAR=33.200% (target 5%)
[   553s] local_level  abrupt_level_0.5s  lsc_kalman_cusum   detect=0.03 med_delay=130 mean_delay_cens=245.3
[   557s] local_level  abrupt_level_0.5s  lsc_state_cusum    detect=0.08 med_delay=204 mean_delay_cens=245.4
[   565s] local_level  abrupt_level_0.5s  lsc_composite      detect=0.05 med_delay=154 mean_delay_cens=245.0
[   565s] local_level  abrupt_level_0.5s  raw_cusum          detect=0.07 med_delay=208 mean_delay_cens=245.9
[   592s] local_level  abrupt_level_0.5s  arima_cusum        detect=0.02 med_delay=90 mean_delay_cens=246.3
[   605s] local_level  abrupt_level_0.5s  plain_hmm          detect=0.10 med_delay=115 mean_delay_cens=231.9
[   609s] local_level  abrupt_level_1s    lsc_kalman_cusum   detect=0.03 med_delay=126 mean_delay_cens=244.8
[   613s] local_level  abrupt_level_1s    lsc_state_cusum    detect=0.08 med_delay=213 mean_delay_cens=245.3
[   623s] local_level  abrupt_level_1s    lsc_composite      detect=0.06 med_delay=129 mean_delay_cens=242.2
[   623s] local_level  abrupt_level_1s    raw_cusum          detect=0.07 med_delay=208 mean_delay_cens=245.8
[   652s] local_level  abrupt_level_1s    arima_cusum        detect=0.03 med_delay=64 mean_delay_cens=245.3
[   664s] local_level  abrupt_level_1s    plain_hmm          detect=0.10 med_delay=115 mean_delay_cens=231.9
[   668s] local_level  abrupt_level_3s    lsc_kalman_cusum   detect=0.05 med_delay=8 mean_delay_cens=239.5
[   671s] local_level  abrupt_level_3s    lsc_state_cusum    detect=0.08 med_delay=197 mean_delay_cens=244.8
[   680s] local_level  abrupt_level_3s    lsc_composite      detect=0.08 med_delay=84 mean_delay_cens=237.0
[   680s] local_level  abrupt_level_3s    raw_cusum          detect=0.07 med_delay=195 mean_delay_cens=245.3
[   707s] local_level  abrupt_level_3s    arima_cusum        detect=0.03 med_delay=20 mean_delay_cens=243.4
[   721s] local_level  abrupt_level_3s    plain_hmm          detect=0.10 med_delay=92 mean_delay_cens=228.7
[   725s] local_level  ramp_1s_hl25       lsc_kalman_cusum   detect=0.03 med_delay=133 mean_delay_cens=245.8
[   729s] local_level  ramp_1s_hl25       lsc_state_cusum    detect=0.08 med_delay=211 mean_delay_cens=245.3
[   737s] local_level  ramp_1s_hl25       lsc_composite      detect=0.05 med_delay=152 mean_delay_cens=245.0
[   738s] local_level  ramp_1s_hl25       raw_cusum          detect=0.07 med_delay=208 mean_delay_cens=245.8
[   765s] local_level  ramp_1s_hl25       arima_cusum        detect=0.03 med_delay=66 mean_delay_cens=245.8
[   778s] local_level  ramp_1s_hl25       plain_hmm          detect=0.09 med_delay=121 mean_delay_cens=233.6
[   782s] local_level  variance_x3        lsc_kalman_cusum   detect=0.67 med_delay=92 mean_delay_cens=148.2
[   785s] local_level  variance_x3        lsc_state_cusum    detect=0.08 med_delay=205 mean_delay_cens=245.4
[   794s] local_level  variance_x3        lsc_composite      detect=0.98 med_delay=11 mean_delay_cens=12.3
[   794s] local_level  variance_x3        raw_cusum          detect=0.07 med_delay=208 mean_delay_cens=246.1
[   822s] local_level  variance_x3        arima_cusum        detect=0.34 med_delay=110 mean_delay_cens=200.5
[   835s] local_level  variance_x3        plain_hmm          detect=0.14 med_delay=100 mean_delay_cens=223.1
[   835s] wrote paper_assets/exp01_results.*
