/Users/ethanwuang/Desktop/state space model/lsc/lsc/diagnostics/alarms.py:97: RuntimeWarning: All-NaN slice encountered
  center = np.nanmedian(stacked, axis=0)
/Users/ethanwuang/Desktop/state space model/lsc/.venv/lib/python3.14/site-packages/numpy/lib/_nanfunctions_impl.py:1593: RuntimeWarning: All-NaN slice encountered
  return fnb._ureduce(a,
[     34s] T=500 ar1_snr0.1 lsc_composite: thr=35.301 FAR=5.200%
[     54s] T=500 ar1_snr0.1 lsc_kalman_cusum: thr=17.372 FAR=3.400%
[     73s] T=500 ar1_snr0.1 lsc_state_cusum: thr=492.272 FAR=5.000%
[     73s] T=500 ar1_snr0.1 raw_cusum: thr=27.490 FAR=4.000%
[     90s] T=500 ar1_snr0.1 level_0.5s lsc_composite: detect=0.04
[     99s] T=500 ar1_snr0.1 level_0.5s lsc_kalman_cusum: detect=0.04
[    108s] T=500 ar1_snr0.1 level_0.5s lsc_state_cusum: detect=0.03
[    109s] T=500 ar1_snr0.1 level_0.5s raw_cusum: detect=0.08
[    125s] T=500 ar1_snr0.1 level_1s lsc_composite: detect=0.09
[    134s] T=500 ar1_snr0.1 level_1s lsc_kalman_cusum: detect=0.13
[    144s] T=500 ar1_snr0.1 level_1s lsc_state_cusum: detect=0.04
[    144s] T=500 ar1_snr0.1 level_1s raw_cusum: detect=0.20
[    160s] T=500 ar1_snr0.1 level_3s lsc_composite: detect=0.77
[    169s] T=500 ar1_snr0.1 level_3s lsc_kalman_cusum: detect=0.65
[    179s] T=500 ar1_snr0.1 level_3s lsc_state_cusum: detect=0.19
[    179s] T=500 ar1_snr0.1 level_3s raw_cusum: detect=0.97
[    195s] T=500 ar1_snr0.1 ramp_3s_hl5 lsc_composite: detect=0.77
[    205s] T=500 ar1_snr0.1 ramp_3s_hl5 lsc_kalman_cusum: detect=0.66
[    214s] T=500 ar1_snr0.1 ramp_3s_hl5 lsc_state_cusum: detect=0.19
[    214s] T=500 ar1_snr0.1 ramp_3s_hl5 raw_cusum: detect=0.96
[    230s] T=500 ar1_snr0.1 ramp_3s_hl25 lsc_composite: detect=0.74
[    240s] T=500 ar1_snr0.1 ramp_3s_hl25 lsc_kalman_cusum: detect=0.63
[    249s] T=500 ar1_snr0.1 ramp_3s_hl25 lsc_state_cusum: detect=0.19
[    249s] T=500 ar1_snr0.1 ramp_3s_hl25 raw_cusum: detect=0.93
[    265s] T=500 ar1_snr0.1 variance_x3 lsc_composite: detect=0.99
[    275s] T=500 ar1_snr0.1 variance_x3 lsc_kalman_cusum: detect=0.87
[    284s] T=500 ar1_snr0.1 variance_x3 lsc_state_cusum: detect=0.04
[    284s] T=500 ar1_snr0.1 variance_x3 raw_cusum: detect=0.73
[    300s] T=500 ar1_snr0.1 variance_x1.5 lsc_composite: detect=0.82
[    310s] T=500 ar1_snr0.1 variance_x1.5 lsc_kalman_cusum: detect=0.08
[    319s] T=500 ar1_snr0.1 variance_x1.5 lsc_state_cusum: detect=0.03
[    320s] T=500 ar1_snr0.1 variance_x1.5 raw_cusum: detect=0.09
[    336s] T=500 ar1_snr0.1 persistence_up lsc_composite: detect=0.04
[    346s] T=500 ar1_snr0.1 persistence_up lsc_kalman_cusum: detect=0.04
[    355s] T=500 ar1_snr0.1 persistence_up lsc_state_cusum: detect=0.03
[    356s] T=500 ar1_snr0.1 persistence_up raw_cusum: detect=0.10
[    372s] T=500 ar1_snr0.1 persistence_down lsc_composite: detect=0.02
[    382s] T=500 ar1_snr0.1 persistence_down lsc_kalman_cusum: detect=0.00
[    391s] T=500 ar1_snr0.1 persistence_down lsc_state_cusum: detect=0.03
[    391s] T=500 ar1_snr0.1 persistence_down raw_cusum: detect=0.01
/Users/ethanwuang/Desktop/state space model/lsc/lsc/diagnostics/alarms.py:97: RuntimeWarning: All-NaN slice encountered
  center = np.nanmedian(stacked, axis=0)
/Users/ethanwuang/Desktop/state space model/lsc/.venv/lib/python3.14/site-packages/numpy/lib/_nanfunctions_impl.py:1593: RuntimeWarning: All-NaN slice encountered
  return fnb._ureduce(a,
[    422s] T=500 ar1_snr0.5 lsc_composite: thr=32.528 FAR=4.800%
[    438s] T=500 ar1_snr0.5 lsc_kalman_cusum: thr=22.145 FAR=4.800%
[    454s] T=500 ar1_snr0.5 lsc_state_cusum: thr=525.311 FAR=5.400%
[    455s] T=500 ar1_snr0.5 raw_cusum: thr=103.192 FAR=6.200%
[    469s] T=500 ar1_snr0.5 level_0.5s lsc_composite: detect=0.05
[    477s] T=500 ar1_snr0.5 level_0.5s lsc_kalman_cusum: detect=0.05
[    485s] T=500 ar1_snr0.5 level_0.5s lsc_state_cusum: detect=0.05
[    485s] T=500 ar1_snr0.5 level_0.5s raw_cusum: detect=0.10
[    500s] T=500 ar1_snr0.5 level_1s lsc_composite: detect=0.11
[    507s] T=500 ar1_snr0.5 level_1s lsc_kalman_cusum: detect=0.11
[    515s] T=500 ar1_snr0.5 level_1s lsc_state_cusum: detect=0.10
[    516s] T=500 ar1_snr0.5 level_1s raw_cusum: detect=0.30
[    530s] T=500 ar1_snr0.5 level_3s lsc_composite: detect=0.53
[    538s] T=500 ar1_snr0.5 level_3s lsc_kalman_cusum: detect=0.55
[    546s] T=500 ar1_snr0.5 level_3s lsc_state_cusum: detect=0.75
[    546s] T=500 ar1_snr0.5 level_3s raw_cusum: detect=0.99
[    561s] T=500 ar1_snr0.5 ramp_3s_hl5 lsc_composite: detect=0.51
[    568s] T=500 ar1_snr0.5 ramp_3s_hl5 lsc_kalman_cusum: detect=0.52
[    576s] T=500 ar1_snr0.5 ramp_3s_hl5 lsc_state_cusum: detect=0.75
[    577s] T=500 ar1_snr0.5 ramp_3s_hl5 raw_cusum: detect=0.99
[    592s] T=500 ar1_snr0.5 ramp_3s_hl25 lsc_composite: detect=0.47
[    599s] T=500 ar1_snr0.5 ramp_3s_hl25 lsc_kalman_cusum: detect=0.46
[    607s] T=500 ar1_snr0.5 ramp_3s_hl25 lsc_state_cusum: detect=0.70
[    607s] T=500 ar1_snr0.5 ramp_3s_hl25 raw_cusum: detect=0.98
[    622s] T=500 ar1_snr0.5 variance_x3 lsc_composite: detect=0.99
[    630s] T=500 ar1_snr0.5 variance_x3 lsc_kalman_cusum: detect=0.22
[    637s] T=500 ar1_snr0.5 variance_x3 lsc_state_cusum: detect=0.05
[    638s] T=500 ar1_snr0.5 variance_x3 raw_cusum: detect=0.08
[    652s] T=500 ar1_snr0.5 variance_x1.5 lsc_composite: detect=0.87
[    660s] T=500 ar1_snr0.5 variance_x1.5 lsc_kalman_cusum: detect=0.04
[    668s] T=500 ar1_snr0.5 variance_x1.5 lsc_state_cusum: detect=0.04
[    668s] T=500 ar1_snr0.5 variance_x1.5 raw_cusum: detect=0.05
[    683s] T=500 ar1_snr0.5 persistence_up lsc_composite: detect=0.04
[    691s] T=500 ar1_snr0.5 persistence_up lsc_kalman_cusum: detect=0.04
[    698s] T=500 ar1_snr0.5 persistence_up lsc_state_cusum: detect=0.07
[    699s] T=500 ar1_snr0.5 persistence_up raw_cusum: detect=0.16
[    713s] T=500 ar1_snr0.5 persistence_down lsc_composite: detect=0.01
[    721s] T=500 ar1_snr0.5 persistence_down lsc_kalman_cusum: detect=0.01
[    729s] T=500 ar1_snr0.5 persistence_down lsc_state_cusum: detect=0.03
[    729s] T=500 ar1_snr0.5 persistence_down raw_cusum: detect=0.02
/Users/ethanwuang/Desktop/state space model/lsc/lsc/diagnostics/alarms.py:97: RuntimeWarning: All-NaN slice encountered
  center = np.nanmedian(stacked, axis=0)
/Users/ethanwuang/Desktop/state space model/lsc/.venv/lib/python3.14/site-packages/numpy/lib/_nanfunctions_impl.py:1593: RuntimeWarning: All-NaN slice encountered
  return fnb._ureduce(a,
[    757s] T=500 ar1_snr2.0 lsc_composite: thr=20.924 FAR=6.200%
[    771s] T=500 ar1_snr2.0 lsc_kalman_cusum: thr=15.366 FAR=4.800%
[    784s] T=500 ar1_snr2.0 lsc_state_cusum: thr=439.850 FAR=7.800%
[    784s] T=500 ar1_snr2.0 raw_cusum: thr=213.887 FAR=8.200%
[    797s] T=500 ar1_snr2.0 level_0.5s lsc_composite: detect=0.05
[    804s] T=500 ar1_snr2.0 level_0.5s lsc_kalman_cusum: detect=0.05
[    810s] T=500 ar1_snr2.0 level_0.5s lsc_state_cusum: detect=0.09
[    811s] T=500 ar1_snr2.0 level_0.5s raw_cusum: detect=0.11
[    824s] T=500 ar1_snr2.0 level_1s lsc_composite: detect=0.12
[    831s] T=500 ar1_snr2.0 level_1s lsc_kalman_cusum: detect=0.12
[    837s] T=500 ar1_snr2.0 level_1s lsc_state_cusum: detect=0.18
[    838s] T=500 ar1_snr2.0 level_1s raw_cusum: detect=0.29
[    851s] T=500 ar1_snr2.0 level_3s lsc_composite: detect=0.67
[    857s] T=500 ar1_snr2.0 level_3s lsc_kalman_cusum: detect=0.67
[    864s] T=500 ar1_snr2.0 level_3s lsc_state_cusum: detect=0.94
[    864s] T=500 ar1_snr2.0 level_3s raw_cusum: detect=0.99
[    877s] T=500 ar1_snr2.0 ramp_3s_hl5 lsc_composite: detect=0.59
[    884s] T=500 ar1_snr2.0 ramp_3s_hl5 lsc_kalman_cusum: detect=0.61
[    890s] T=500 ar1_snr2.0 ramp_3s_hl5 lsc_state_cusum: detect=0.92
[    890s] T=500 ar1_snr2.0 ramp_3s_hl5 raw_cusum: detect=0.99
[    904s] T=500 ar1_snr2.0 ramp_3s_hl25 lsc_composite: detect=0.55
[    910s] T=500 ar1_snr2.0 ramp_3s_hl25 lsc_kalman_cusum: detect=0.54
[    916s] T=500 ar1_snr2.0 ramp_3s_hl25 lsc_state_cusum: detect=0.90
[    917s] T=500 ar1_snr2.0 ramp_3s_hl25 raw_cusum: detect=0.98
[    930s] T=500 ar1_snr2.0 variance_x3 lsc_composite: detect=0.98
[    937s] T=500 ar1_snr2.0 variance_x3 lsc_kalman_cusum: detect=0.27
[    943s] T=500 ar1_snr2.0 variance_x3 lsc_state_cusum: detect=0.05
[    943s] T=500 ar1_snr2.0 variance_x3 raw_cusum: detect=0.06
[    957s] T=500 ar1_snr2.0 variance_x1.5 lsc_composite: detect=0.91
[    963s] T=500 ar1_snr2.0 variance_x1.5 lsc_kalman_cusum: detect=0.05
[    969s] T=500 ar1_snr2.0 variance_x1.5 lsc_state_cusum: detect=0.05
[    970s] T=500 ar1_snr2.0 variance_x1.5 raw_cusum: detect=0.04
[    983s] T=500 ar1_snr2.0 persistence_up lsc_composite: detect=0.03
[    989s] T=500 ar1_snr2.0 persistence_up lsc_kalman_cusum: detect=0.04
[    996s] T=500 ar1_snr2.0 persistence_up lsc_state_cusum: detect=0.11
[    996s] T=500 ar1_snr2.0 persistence_up raw_cusum: detect=0.17
[   1009s] T=500 ar1_snr2.0 persistence_down lsc_composite: detect=0.33
[   1016s] T=500 ar1_snr2.0 persistence_down lsc_kalman_cusum: detect=0.01
[   1022s] T=500 ar1_snr2.0 persistence_down lsc_state_cusum: detect=0.03
[   1022s] T=500 ar1_snr2.0 persistence_down raw_cusum: detect=0.02
[   1024s] wrote paper_assets/grid_v1_*
